// Jest Snapshot v1, https://goo.gl/fbAQLP

exports[`WebhooksIndexPage redering render with minimal props 1`] = `""`;
